.......
----------------------------------------------------------------------
Ran 7 tests in 9.739s

OK
